// Vitest Snapshot v1, https://vitest.dev/guide/snapshot.html

exports[`Snapshot der Textausgabe > erstellt Snapshot 1`] = `
"== Triggers ==
- push
- pull_request

== Jobs ==
* build
  needs: (none)
  steps:
    - #1 uses actions/checkout@v4
    - #2 run  npm ci
* test
  needs: build
  steps:
    - #1 run  npm test
* lint
  needs: build
  steps:
    - #1 run  npm run lint

== Dependencies (ASCII) ==
- build -> test
- build -> lint"
`;
